[05-Sep-2026 18:04:12 America/Sao_Paulo] [BANCO] Falha de conexão: SQLSTATE[HY000] [1049] Unknown database 'vendasapp'
[05-Sep-2026 18:08:13 America/Sao_Paulo] PHP Fatal error:  Uncaught PDOException: SQLSTATE[42S22]: Column not found: 1054 Unknown column 'nome' in 'field list' in C:\Users\Alessandro\AppData\Local\Temp\opencode\verifica_criacoes.php:14
Stack trace:
#0 C:\Users\Alessandro\AppData\Local\Temp\opencode\verifica_criacoes.php(14): PDO->query()
#1 {main}
  thrown in C:\Users\Alessandro\AppData\Local\Temp\opencode\verifica_criacoes.php on line 14
[05-Sep-2026 18:09:26 America/Sao_Paulo] PHP Fatal error:  Uncaught PDOException: SQLSTATE[42S22]: Column not found: 1054 Unknown column 'nome' in 'field list' in C:\Users\Alessandro\AppData\Local\Temp\opencode\check_conteudo.php:16
Stack trace:
#0 C:\Users\Alessandro\AppData\Local\Temp\opencode\check_conteudo.php(16): PDO->query()
#1 {main}
  thrown in C:\Users\Alessandro\AppData\Local\Temp\opencode\check_conteudo.php on line 16
[05-Sep-2026 18:10:50 America/Sao_Paulo] PHP Warning:  Undefined array key "preco_promocional" in C:\xampp\htdocs\vendasapp\produtos\salvar.php on line 38
[05-Sep-2026 18:10:50 America/Sao_Paulo] PHP Warning:  Undefined array key "preco_promocional" in C:\xampp\htdocs\vendasapp\produtos\salvar.php on line 38
[05-Sep-2026 18:11:03 America/Sao_Paulo] PHP Fatal error:  Uncaught PDOException: SQLSTATE[42S22]: Column not found: 1054 Unknown column 'tabela' in 'field list' in C:\Users\Alessandro\AppData\Local\Temp\opencode\verifica_venda.php:28
Stack trace:
#0 C:\Users\Alessandro\AppData\Local\Temp\opencode\verifica_venda.php(28): PDO->query()
#1 {main}
  thrown in C:\Users\Alessandro\AppData\Local\Temp\opencode\verifica_venda.php on line 28
[05-Sep-2026 18:14:20 America/Sao_Paulo] [BANCO][salvar_compra] SQLSTATE[HY093]: Invalid parameter number
[05-Sep-2026 18:15:52 America/Sao_Paulo] [BANCO][salvar_compra] SQLSTATE[HY093]: Invalid parameter number
#0 C:\xampp\htdocs\vendasapp\compras\salvar.php(169): PDOStatement->execute(Array)
#1 {main}
[05-Sep-2026 18:17:17 America/Sao_Paulo] PHP Fatal error:  Uncaught PDOException: SQLSTATE[42S22]: Column not found: 1054 Unknown column 'razao_social' in 'field list' in C:\xampp\htdocs\vendasapp\api\clientes.php:17
Stack trace:
#0 C:\xampp\htdocs\vendasapp\api\clientes.php(17): PDO->prepare('SELECT id, nome...')
#1 {main}
  thrown in C:\xampp\htdocs\vendasapp\api\clientes.php on line 17
[05-Sep-2026 18:38:42 America/Sao_Paulo] [BANCO][salvar_produto] SQLSTATE[23000]: Integrity constraint violation: 1452 Cannot add or update a child row: a foreign key constraint fails (`vendasapp`.`produtos`, CONSTRAINT `fk_prod_marca` FOREIGN KEY (`marca_id`) REFERENCES `marcas` (`id`) ON DELETE SET NULL)
#0 C:\xampp\htdocs\vendasapp\produtos\salvar.php(144): PDOStatement->execute(Array)
#1 {main}
[05-Sep-2026 18:39:02 America/Sao_Paulo] PHP Fatal error:  Uncaught PDOException: SQLSTATE[42S02]: Base table or view not found: 1146 Table 'vendasapp.erros_log' doesn't exist in C:\xampp\htdocs\vendasapp\_check_cli.php:3
Stack trace:
#0 C:\xampp\htdocs\vendasapp\_check_cli.php(3): PDO->query()
#1 {main}
  thrown in C:\xampp\htdocs\vendasapp\_check_cli.php on line 3
[05-Sep-2026 18:39:19 America/Sao_Paulo] PHP Fatal error:  Uncaught PDOException: SQLSTATE[42S22]: Column not found: 1054 Unknown column 'nome' in 'field list' in C:\xampp\htdocs\vendasapp\_check_cli.php:3
Stack trace:
#0 C:\xampp\htdocs\vendasapp\_check_cli.php(3): PDO->query()
#1 {main}
  thrown in C:\xampp\htdocs\vendasapp\_check_cli.php on line 3
[05-Sep-2026 18:39:40 America/Sao_Paulo] PHP Fatal error:  Uncaught PDOException: SQLSTATE[42S22]: Column not found: 1054 Unknown column 'custo' in 'field list' in C:\xampp\htdocs\vendasapp\_check_cli.php:4
Stack trace:
#0 C:\xampp\htdocs\vendasapp\_check_cli.php(4): PDO->query()
#1 {main}
  thrown in C:\xampp\htdocs\vendasapp\_check_cli.php on line 4
[05-Sep-2026 18:39:46 America/Sao_Paulo] PHP Fatal error:  Uncaught PDOException: SQLSTATE[42S02]: Base table or view not found: 1146 Table 'vendasapp.produtos_codigos' doesn't exist in C:\xampp\htdocs\vendasapp\_check_cli.php:4
Stack trace:
#0 C:\xampp\htdocs\vendasapp\_check_cli.php(4): PDO->query()
#1 {main}
  thrown in C:\xampp\htdocs\vendasapp\_check_cli.php on line 4
[05-Sep-2026 19:37:42 America/Sao_Paulo] PHP Fatal error:  Uncaught PDOException: SQLSTATE[42S22]: Column not found: 1054 Unknown column 'p.data_pagamento' in 'field list' in C:\xampp\htdocs\vendasapp\_check_cli.php:3
Stack trace:
#0 C:\xampp\htdocs\vendasapp\_check_cli.php(3): PDO->query()
#1 {main}
  thrown in C:\xampp\htdocs\vendasapp\_check_cli.php on line 3
[05-Sep-2026 19:37:52 America/Sao_Paulo] PHP Fatal error:  Uncaught PDOException: SQLSTATE[42S22]: Column not found: 1054 Unknown column 'data' in 'field list' in C:\xampp\htdocs\vendasapp\_check_cli.php:5
Stack trace:
#0 C:\xampp\htdocs\vendasapp\_check_cli.php(5): PDO->query()
#1 {main}
  thrown in C:\xampp\htdocs\vendasapp\_check_cli.php on line 5
[05-Sep-2026 20:05:54 America/Sao_Paulo] PHP Warning:  Undefined array key "forma_pagamento_id" in C:\xampp\htdocs\vendasapp\contas_pagar\index.php on line 179
[05-Sep-2026 20:05:54 America/Sao_Paulo] PHP Warning:  Undefined array key "forma_pagamento_id" in C:\xampp\htdocs\vendasapp\contas_pagar\index.php on line 179
[05-Sep-2026 20:06:39 America/Sao_Paulo] PHP Warning:  Undefined array key "forma_pagamento_id" in C:\xampp\htdocs\vendasapp\contas_pagar\index.php on line 179
[05-Sep-2026 20:06:39 America/Sao_Paulo] PHP Warning:  Undefined array key "forma_pagamento_id" in C:\xampp\htdocs\vendasapp\contas_pagar\index.php on line 179
[09-Sep-2026 10:58:18 America/Sao_Paulo] PHP Fatal error:  Cannot redeclare db() (previously declared in C:\xampp\htdocs\vendasapp\config\database.php:10) in C:\xampp\htdocs\vendasapp\config\database.php on line 30
[09-Sep-2026 14:53:38 America/Sao_Paulo] [DASH-DEBUG] DIARIO SQL=SELECT DATE(data_venda) AS p, SUM(total) AS v, COUNT(*) AS q
                      FROM vendas WHERE status = 'FINALIZADA' AND data_venda >= DATE_SUB(CURDATE(), INTERVAL -7 DAY)
                      GROUP BY DATE(data_venda) ORDER BY p rows=0
[09-Sep-2026 14:53:38 America/Sao_Paulo] [DASH-DEBUG] DEFAULT SQL=SELECT DATE_FORMAT(data_venda, '%Y-%m') AS p, SUM(total) AS v, COUNT(*) AS q
                      FROM vendas WHERE status = 'FINALIZADA' AND data_venda >= DATE_SUB(CURDATE(), INTERVAL -12 MONTH)
                      GROUP BY DATE_FORMAT(data_venda, '%Y-%m') ORDER BY p rows=0 periodo=mes offset=-12 MONTH
[09-Sep-2026 14:53:38 America/Sao_Paulo] [DASH-DEBUG] DEFAULT SQL=SELECT DATE_FORMAT(data_venda, '%Y-%m') AS p, SUM(total) AS v, COUNT(*) AS q
                      FROM vendas WHERE status = 'FINALIZADA' AND data_venda >= DATE_SUB(CURDATE(), INTERVAL -12 MONTH)
                      GROUP BY DATE_FORMAT(data_venda, '%Y-%m') ORDER BY p rows=0 periodo=mes offset=-12 MONTH
[10-Sep-2026 16:09:41 America/Sao_Paulo] [BANCO][registrar_log] SQLSTATE[42S02]: Base table or view not found: 1146 Table 'edbbuzjw_alessandro.logs' doesn't exist
#0 /home/edbbuzjw/domains/alessandro.x10.mx/public_html/vendasapp/includes/functions.php(358): PDO->prepare()
#1 /home/edbbuzjw/domains/alessandro.x10.mx/public_html/vendasapp/login/autenticar.php(28): registrar_log()
#2 {main}
[10-Sep-2026 16:09:47 America/Sao_Paulo] [BANCO][registrar_log] SQLSTATE[42S02]: Base table or view not found: 1146 Table 'edbbuzjw_alessandro.logs' doesn't exist
#0 /home/edbbuzjw/domains/alessandro.x10.mx/public_html/vendasapp/includes/functions.php(358): PDO->prepare()
#1 /home/edbbuzjw/domains/alessandro.x10.mx/public_html/vendasapp/login/autenticar.php(28): registrar_log()
#2 {main}
[10-Sep-2026 16:10:00 America/Sao_Paulo] [BANCO][registrar_log] SQLSTATE[42S02]: Base table or view not found: 1146 Table 'edbbuzjw_alessandro.logs' doesn't exist
#0 /home/edbbuzjw/domains/alessandro.x10.mx/public_html/vendasapp/includes/functions.php(358): PDO->prepare()
#1 /home/edbbuzjw/domains/alessandro.x10.mx/public_html/vendasapp/login/autenticar.php(28): registrar_log()
#2 {main}
[10-Sep-2026 16:10:06 America/Sao_Paulo] [BANCO][registrar_log] SQLSTATE[42S02]: Base table or view not found: 1146 Table 'edbbuzjw_alessandro.logs' doesn't exist
#0 /home/edbbuzjw/domains/alessandro.x10.mx/public_html/vendasapp/includes/functions.php(358): PDO->prepare()
#1 /home/edbbuzjw/domains/alessandro.x10.mx/public_html/vendasapp/login/autenticar.php(28): registrar_log()
#2 {main}
[26-Sep-2026 08:41:56 America/Sao_Paulo] [BANCO] Falha de conexão: SQLSTATE[HY000] [1045] Access denied for user 'user'@'localhost' (using password: YES)
[26-Sep-2026 13:46:07 America/Sao_Paulo] PHP Warning:  require_once(C:\xampp\htdocs\vendasapp\includes\restaurante.php): Failed to open stream: No such file or directory in C:\xampp\htdocs\vendasapp\config\config.php on line 50
[26-Sep-2026 13:46:07 America/Sao_Paulo] PHP Fatal error:  Uncaught Error: Failed opening required 'C:\xampp\htdocs\vendasapp/includes/restaurante.php' (include_path='C:\xampp\php\PEAR') in C:\xampp\htdocs\vendasapp\config\config.php:50
Stack trace:
#0 C:\xampp\htdocs\vendasapp\restaurante\dados.php(2): require_once()
#1 {main}
  thrown in C:\xampp\htdocs\vendasapp\config\config.php on line 50
[28-Sep-2026 10:01:22 America/Sao_Paulo] [BANCO] Falha de conexão: SQLSTATE[HY000] [2002] Nenhuma conexão pôde ser feita porque a máquina de destino as recusou ativamente
[28-Sep-2026 12:43:19 America/Sao_Paulo] [BANCO] Falha de conexão: SQLSTATE[HY000] [2002] Nenhuma conexão pôde ser feita porque a máquina de destino as recusou ativamente
[28-Sep-2026 12:48:03 America/Sao_Paulo] [BANCO] Falha de conexão: SQLSTATE[HY000] [2002] Nenhuma conexão pôde ser feita porque a máquina de destino as recusou ativamente
[28-Sep-2026 13:54:34 America/Sao_Paulo] PHP Fatal error:  Uncaught PDOException: SQLSTATE[42S22]: Column not found: 1054 Unknown column 'c.data_abertura' in 'where clause' in C:\xampp\htdocs\vendasapp\consumo\relatorios\index.php:55
Stack trace:
#0 C:\xampp\htdocs\vendasapp\consumo\relatorios\index.php(55): PDO->prepare('SELECT COUNT(*)...')
#1 {main}
  thrown in C:\xampp\htdocs\vendasapp\consumo\relatorios\index.php on line 55
[28-Sep-2026 13:55:00 America/Sao_Paulo] PHP Fatal error:  Uncaught PDOException: SQLSTATE[42S22]: Column not found: 1054 Unknown column 'c.data_abertura' in 'where clause' in C:\xampp\htdocs\vendasapp\consumo\relatorios\index.php:55
Stack trace:
#0 C:\xampp\htdocs\vendasapp\consumo\relatorios\index.php(55): PDO->prepare('SELECT COUNT(*)...')
#1 {main}
  thrown in C:\xampp\htdocs\vendasapp\consumo\relatorios\index.php on line 55
[28-Sep-2026 13:55:07 America/Sao_Paulo] PHP Fatal error:  Uncaught PDOException: SQLSTATE[42S22]: Column not found: 1054 Unknown column 'c.data_abertura' in 'where clause' in C:\xampp\htdocs\vendasapp\consumo\relatorios\index.php:55
Stack trace:
#0 C:\xampp\htdocs\vendasapp\consumo\relatorios\index.php(55): PDO->prepare('SELECT COUNT(*)...')
#1 {main}
  thrown in C:\xampp\htdocs\vendasapp\consumo\relatorios\index.php on line 55
[28-Sep-2026 13:55:13 America/Sao_Paulo] PHP Fatal error:  Uncaught PDOException: SQLSTATE[42S22]: Column not found: 1054 Unknown column 'c.data_abertura' in 'where clause' in C:\xampp\htdocs\vendasapp\consumo\relatorios\index.php:55
Stack trace:
#0 C:\xampp\htdocs\vendasapp\consumo\relatorios\index.php(55): PDO->prepare('SELECT COUNT(*)...')
#1 {main}
  thrown in C:\xampp\htdocs\vendasapp\consumo\relatorios\index.php on line 55
[28-Sep-2026 13:55:18 America/Sao_Paulo] PHP Fatal error:  Uncaught PDOException: SQLSTATE[42S22]: Column not found: 1054 Unknown column 'c.data_abertura' in 'where clause' in C:\xampp\htdocs\vendasapp\consumo\relatorios\index.php:55
Stack trace:
#0 C:\xampp\htdocs\vendasapp\consumo\relatorios\index.php(55): PDO->prepare('SELECT COUNT(*)...')
#1 {main}
  thrown in C:\xampp\htdocs\vendasapp\consumo\relatorios\index.php on line 55
[28-Sep-2026 13:55:23 America/Sao_Paulo] PHP Fatal error:  Uncaught PDOException: SQLSTATE[42S22]: Column not found: 1054 Unknown column 'c.data_abertura' in 'where clause' in C:\xampp\htdocs\vendasapp\consumo\relatorios\index.php:55
Stack trace:
#0 C:\xampp\htdocs\vendasapp\consumo\relatorios\index.php(55): PDO->prepare('SELECT COUNT(*)...')
#1 {main}
  thrown in C:\xampp\htdocs\vendasapp\consumo\relatorios\index.php on line 55
[28-Sep-2026 13:55:38 America/Sao_Paulo] PHP Fatal error:  Uncaught PDOException: SQLSTATE[HY000]: General error: 2031 No data supplied for parameters in prepared statement in C:\xampp\htdocs\vendasapp\consumo\relatorios\index.php:138
Stack trace:
#0 C:\xampp\htdocs\vendasapp\consumo\relatorios\index.php(138): PDO->query('SELECT i.status...')
#1 {main}
  thrown in C:\xampp\htdocs\vendasapp\consumo\relatorios\index.php on line 138
[28-Sep-2026 13:55:42 America/Sao_Paulo] PHP Fatal error:  Uncaught PDOException: SQLSTATE[HY000]: General error: 2031 No data supplied for parameters in prepared statement in C:\xampp\htdocs\vendasapp\consumo\relatorios\index.php:138
Stack trace:
#0 C:\xampp\htdocs\vendasapp\consumo\relatorios\index.php(138): PDO->query('SELECT i.status...')
#1 {main}
  thrown in C:\xampp\htdocs\vendasapp\consumo\relatorios\index.php on line 138
